------------------------------------------------------------
Timing Analyzer Summary
------------------------------------------------------------

Type  : Slow 1200mV 85C Model Setup 'clk'
Slack : -0.988
TNS   : -3.303

Type  : Slow 1200mV 85C Model Setup 'freq_divider:i1|out'
Slack : -0.063
TNS   : -0.111

Type  : Slow 1200mV 85C Model Hold 'freq_divider:i1|out'
Slack : 0.358
TNS   : 0.000

Type  : Slow 1200mV 85C Model Hold 'clk'
Slack : 0.360
TNS   : 0.000

Type  : Slow 1200mV 85C Model Minimum Pulse Width 'clk'
Slack : -3.000
TNS   : -10.000

Type  : Slow 1200mV 85C Model Minimum Pulse Width 'freq_divider:i1|out'
Slack : -1.000
TNS   : -20.000

Type  : Slow 1200mV 0C Model Setup 'clk'
Slack : -0.767
TNS   : -2.323

Type  : Slow 1200mV 0C Model Setup 'freq_divider:i1|out'
Slack : 0.052
TNS   : 0.000

Type  : Slow 1200mV 0C Model Hold 'freq_divider:i1|out'
Slack : 0.311
TNS   : 0.000

Type  : Slow 1200mV 0C Model Hold 'clk'
Slack : 0.320
TNS   : 0.000

Type  : Slow 1200mV 0C Model Minimum Pulse Width 'clk'
Slack : -3.000
TNS   : -10.000

Type  : Slow 1200mV 0C Model Minimum Pulse Width 'freq_divider:i1|out'
Slack : -1.000
TNS   : -20.000

Type  : Fast 1200mV 0C Model Setup 'clk'
Slack : -0.109
TNS   : -0.109

Type  : Fast 1200mV 0C Model Setup 'freq_divider:i1|out'
Slack : 0.415
TNS   : 0.000

Type  : Fast 1200mV 0C Model Hold 'freq_divider:i1|out'
Slack : 0.188
TNS   : 0.000

Type  : Fast 1200mV 0C Model Hold 'clk'
Slack : 0.193
TNS   : 0.000

Type  : Fast 1200mV 0C Model Minimum Pulse Width 'clk'
Slack : -3.000
TNS   : -10.378

Type  : Fast 1200mV 0C Model Minimum Pulse Width 'freq_divider:i1|out'
Slack : -1.000
TNS   : -20.000

------------------------------------------------------------
