------------------------------------------------------------
Timing Analyzer Summary
------------------------------------------------------------

Type  : Slow 1200mV 85C Model Setup 'clk'
Slack : -1.028
TNS   : -7.416

Type  : Slow 1200mV 85C Model Setup 'freq_divider:i1|count'
Slack : -0.074
TNS   : -0.265

Type  : Slow 1200mV 85C Model Hold 'freq_divider:i1|count'
Slack : 0.358
TNS   : 0.000

Type  : Slow 1200mV 85C Model Hold 'clk'
Slack : 0.360
TNS   : 0.000

Type  : Slow 1200mV 85C Model Minimum Pulse Width 'clk'
Slack : -3.000
TNS   : -16.000

Type  : Slow 1200mV 85C Model Minimum Pulse Width 'freq_divider:i1|count'
Slack : -1.000
TNS   : -20.000

Type  : Slow 1200mV 0C Model Setup 'clk'
Slack : -0.790
TNS   : -5.236

Type  : Slow 1200mV 0C Model Setup 'freq_divider:i1|count'
Slack : 0.042
TNS   : 0.000

Type  : Slow 1200mV 0C Model Hold 'freq_divider:i1|count'
Slack : 0.312
TNS   : 0.000

Type  : Slow 1200mV 0C Model Hold 'clk'
Slack : 0.319
TNS   : 0.000

Type  : Slow 1200mV 0C Model Minimum Pulse Width 'clk'
Slack : -3.000
TNS   : -16.000

Type  : Slow 1200mV 0C Model Minimum Pulse Width 'freq_divider:i1|count'
Slack : -1.000
TNS   : -20.000

Type  : Fast 1200mV 0C Model Setup 'clk'
Slack : -0.472
TNS   : -0.496

Type  : Fast 1200mV 0C Model Setup 'freq_divider:i1|count'
Slack : 0.399
TNS   : 0.000

Type  : Fast 1200mV 0C Model Hold 'freq_divider:i1|count'
Slack : 0.187
TNS   : 0.000

Type  : Fast 1200mV 0C Model Hold 'clk'
Slack : 0.193
TNS   : 0.000

Type  : Fast 1200mV 0C Model Minimum Pulse Width 'clk'
Slack : -3.000
TNS   : -16.777

Type  : Fast 1200mV 0C Model Minimum Pulse Width 'freq_divider:i1|count'
Slack : -1.000
TNS   : -20.000

------------------------------------------------------------
